warning: Git tree '/Users/angerman/Projects/iohk/nix' is dirty
Failed to increase stack size from 8372224 to 62914560 (desired: 62914560, maximum allowed: 67092480): Invalid argument
warning: v3 limits: setrlimit(RLIMIT_AS, 8858370048) failed (Invalid argument); relying on SIGALRM watchdog
v3-direct alloc: values=0 closures=1 thunks=0 lists=0 attrsets=0 pairs=0 thunksForced=0 bridge=0 insns=2
v3-direct bytes (in arena/nursery): values=0.0MB closures=0.0MB thunks=0.0MB envs=0.0MB lists=0.0MB bindings=0.0MB pairs=0.0MB chars=0.0MB total_alloc=0.0MB arena_pinned=16.8MB
v3-direct bindings size hist: 0=0 1=0 2=0 3-4=0 5-8=0 9-16=0 17-32=0 33-64=0 65-128=0 129+=0
v3-direct memory: peak_rss=30.9MB boehm_heap=402.9MB boehm_free=402.9MB boehm_unmapped=0.0MB v3_arena=16.8MB elsewhere=0.0MB
v3-direct boehm: gc_count=1 gc_total_ms=0 (time spent in full collections during process lifetime)
v3 bridge-primop calls (TW->v3): __v3_call_bridge_1=0 __v3_force_attr=0 __v3_force_list_elem=0
v3-direct elsewhere-probe (entries / est_MB):
  stringContextSide              0  ~   0.0 MB  (buckets=0, strings=0, body=0 B)
  posSnapshotPool               10  ~   0.0 MB  (capacity=16)
  bindingsOriginTable            0  ~   0.0 MB  (buckets=0)
  cellOwnerTable                 0  ~   0.0 MB  (buckets=0)
  globalSymbolTable              9  ~   0.0 MB  (capacity=16, stringBytes=20)
  dirtyContainers                0  ~   0.0 MB  (capacity=0)
  standaloneCellRoots            0  ~   0.0 MB  (capacity=0)
  nursery (Y+S buffs)       <mmap>  ~   0.0 MB
  singletonClosureReg            1  ~   0.0 MB  (capacity=1)
  arena.cellStarts        <phase3>  ~   0.1 MB  (per-block 128 KB)
  arena.freeList                 0  ~   0.0 MB  (live entries)
  ----- elsewhere-probe sum: ~0.1 MB -----
v3-direct immix-alloc: allocs=1 spanHits=0 spanAdvances=0 bumpFresh=1
  served-from-spans: 0 (0.00% of allocs)
  bytes-from-spans:  0.00 MB (0.00% of 0.00 MB total)
  ----- immix-alloc verdict: FAIL (hit rate <30% — Step 12′ acceptance MISSED)
v3-direct alloc: values=0 closures=2 thunks=0 lists=1 attrsets=0 pairs=0 thunksForced=0 bridge=0 insns=4
v3-direct bytes (in arena/nursery): values=0.0MB closures=0.0MB thunks=0.0MB envs=0.0MB lists=0.0MB bindings=0.0MB pairs=0.0MB chars=0.0MB total_alloc=0.0MB arena_pinned=16.8MB
v3-direct bindings size hist: 0=0 1=0 2=2 3-4=0 5-8=0 9-16=0 17-32=0 33-64=0 65-128=1 129+=0
v3-direct memory: peak_rss=31.1MB boehm_heap=402.9MB boehm_free=402.9MB boehm_unmapped=0.0MB v3_arena=16.8MB elsewhere=0.0MB
v3-direct boehm: gc_count=1 gc_total_ms=0 (time spent in full collections during process lifetime)
v3 bridge-primop calls (TW->v3): __v3_call_bridge_1=0 __v3_force_attr=0 __v3_force_list_elem=0
v3-direct elsewhere-probe (entries / est_MB):
  stringContextSide              0  ~   0.0 MB  (buckets=0, strings=0, body=0 B)
  posSnapshotPool               17  ~   0.0 MB  (capacity=32)
  bindingsOriginTable            0  ~   0.0 MB  (buckets=0)
  cellOwnerTable                 0  ~   0.0 MB  (buckets=0)
  globalSymbolTable            137  ~   0.0 MB  (capacity=256, stringBytes=1171)
  dirtyContainers                0  ~   0.0 MB  (capacity=0)
  standaloneCellRoots            0  ~   0.0 MB  (capacity=0)
  nursery (Y+S buffs)       <mmap>  ~   0.0 MB
  singletonClosureReg            2  ~   0.0 MB  (capacity=2)
  arena.cellStarts        <phase3>  ~   0.1 MB  (per-block 128 KB)
  arena.freeList                 0  ~   0.0 MB  (live entries)
  ----- elsewhere-probe sum: ~0.1 MB -----
v3-direct immix-alloc: allocs=13 spanHits=0 spanAdvances=0 bumpFresh=13
  served-from-spans: 0 (0.00% of allocs)
  bytes-from-spans:  0.00 MB (0.00% of 0.00 MB total)
  ----- immix-alloc verdict: FAIL (hit rate <30% — Step 12′ acceptance MISSED)
v3-direct alloc: values=0 closures=3 thunks=0 lists=1 attrsets=0 pairs=0 thunksForced=0 bridge=0 insns=6
v3-direct bytes (in arena/nursery): values=0.0MB closures=0.0MB thunks=0.0MB envs=0.0MB lists=0.0MB bindings=0.0MB pairs=0.0MB chars=0.0MB total_alloc=0.0MB arena_pinned=16.8MB
v3-direct bindings size hist: 0=0 1=0 2=2 3-4=0 5-8=0 9-16=0 17-32=0 33-64=0 65-128=1 129+=0
v3-direct memory: peak_rss=31.1MB boehm_heap=402.9MB boehm_free=402.8MB boehm_unmapped=0.0MB v3_arena=16.8MB elsewhere=0.0MB
v3-direct boehm: gc_count=1 gc_total_ms=0 (time spent in full collections during process lifetime)
v3 bridge-primop calls (TW->v3): __v3_call_bridge_1=0 __v3_force_attr=0 __v3_force_list_elem=0
v3-direct elsewhere-probe (entries / est_MB):
  stringContextSide              0  ~   0.0 MB  (buckets=0, strings=0, body=0 B)
  posSnapshotPool               19  ~   0.0 MB  (capacity=32)
  bindingsOriginTable            0  ~   0.0 MB  (buckets=0)
  cellOwnerTable                 0  ~   0.0 MB  (buckets=0)
  globalSymbolTable            139  ~   0.0 MB  (capacity=256, stringBytes=1183)
  dirtyContainers                0  ~   0.0 MB  (capacity=0)
  standaloneCellRoots            0  ~   0.0 MB  (capacity=0)
  nursery (Y+S buffs)       <mmap>  ~   0.0 MB
  singletonClosureReg            3  ~   0.0 MB  (capacity=4)
  arena.cellStarts        <phase3>  ~   0.1 MB  (per-block 128 KB)
  arena.freeList                 0  ~   0.0 MB  (live entries)
  ----- elsewhere-probe sum: ~0.1 MB -----
v3-direct immix-alloc: allocs=14 spanHits=0 spanAdvances=0 bumpFresh=14
  served-from-spans: 0 (0.00% of allocs)
  bytes-from-spans:  0.00 MB (0.00% of 0.00 MB total)
  ----- immix-alloc verdict: FAIL (hit rate <30% — Step 12′ acceptance MISSED)
v3-direct alloc: values=0 closures=4 thunks=0 lists=1 attrsets=0 pairs=0 thunksForced=0 bridge=0 insns=8
v3-direct bytes (in arena/nursery): values=0.0MB closures=0.0MB thunks=0.0MB envs=0.0MB lists=0.0MB bindings=0.0MB pairs=0.0MB chars=0.0MB total_alloc=0.0MB arena_pinned=16.8MB
v3-direct bindings size hist: 0=0 1=0 2=2 3-4=0 5-8=0 9-16=0 17-32=0 33-64=0 65-128=1 129+=0
v3-direct memory: peak_rss=31.1MB boehm_heap=402.9MB boehm_free=402.8MB boehm_unmapped=0.0MB v3_arena=16.8MB elsewhere=0.0MB
v3-direct boehm: gc_count=1 gc_total_ms=0 (time spent in full collections during process lifetime)
v3 bridge-primop calls (TW->v3): __v3_call_bridge_1=0 __v3_force_attr=0 __v3_force_list_elem=0
v3-direct elsewhere-probe (entries / est_MB):
  stringContextSide              0  ~   0.0 MB  (buckets=0, strings=0, body=0 B)
  posSnapshotPool               24  ~   0.0 MB  (capacity=32)
  bindingsOriginTable            0  ~   0.0 MB  (buckets=0)
  cellOwnerTable                 0  ~   0.0 MB  (buckets=0)
  globalSymbolTable            140  ~   0.0 MB  (capacity=256, stringBytes=1187)
  dirtyContainers                0  ~   0.0 MB  (capacity=0)
  standaloneCellRoots            0  ~   0.0 MB  (capacity=0)
  nursery (Y+S buffs)       <mmap>  ~   0.0 MB
  singletonClosureReg            4  ~   0.0 MB  (capacity=4)
  arena.cellStarts        <phase3>  ~   0.1 MB  (per-block 128 KB)
  arena.freeList                 0  ~   0.0 MB  (live entries)
  ----- elsewhere-probe sum: ~0.1 MB -----
v3-direct immix-alloc: allocs=15 spanHits=0 spanAdvances=0 bumpFresh=15
  served-from-spans: 0 (0.00% of allocs)
  bytes-from-spans:  0.00 MB (0.00% of 0.00 MB total)
  ----- immix-alloc verdict: FAIL (hit rate <30% — Step 12′ acceptance MISSED)
v3-direct alloc: values=0 closures=5 thunks=0 lists=1 attrsets=0 pairs=0 thunksForced=0 bridge=0 insns=10
v3-direct bytes (in arena/nursery): values=0.0MB closures=0.0MB thunks=0.0MB envs=0.0MB lists=0.0MB bindings=0.0MB pairs=0.0MB chars=0.0MB total_alloc=0.0MB arena_pinned=16.8MB
v3-direct bindings size hist: 0=0 1=0 2=2 3-4=0 5-8=0 9-16=0 17-32=0 33-64=0 65-128=1 129+=0
v3-direct memory: peak_rss=31.2MB boehm_heap=402.9MB boehm_free=402.8MB boehm_unmapped=0.0MB v3_arena=16.8MB elsewhere=0.0MB
v3-direct boehm: gc_count=1 gc_total_ms=0 (time spent in full collections during process lifetime)
v3 bridge-primop calls (TW->v3): __v3_call_bridge_1=0 __v3_force_attr=0 __v3_force_list_elem=0
v3-direct elsewhere-probe (entries / est_MB):
  stringContextSide              0  ~   0.0 MB  (buckets=0, strings=0, body=0 B)
  posSnapshotPool               26  ~   0.0 MB  (capacity=32)
  bindingsOriginTable            0  ~   0.0 MB  (buckets=0)
  cellOwnerTable                 0  ~   0.0 MB  (buckets=0)
  globalSymbolTable            141  ~   0.0 MB  (capacity=256, stringBytes=1188)
  dirtyContainers                0  ~   0.0 MB  (capacity=0)
  standaloneCellRoots            0  ~   0.0 MB  (capacity=0)
  nursery (Y+S buffs)       <mmap>  ~   0.0 MB
  singletonClosureReg            5  ~   0.0 MB  (capacity=8)
  arena.cellStarts        <phase3>  ~   0.1 MB  (per-block 128 KB)
  arena.freeList                 0  ~   0.0 MB  (live entries)
  ----- elsewhere-probe sum: ~0.1 MB -----
v3-direct immix-alloc: allocs=16 spanHits=0 spanAdvances=0 bumpFresh=16
  served-from-spans: 0 (0.00% of allocs)
  bytes-from-spans:  0.00 MB (0.00% of 0.00 MB total)
  ----- immix-alloc verdict: FAIL (hit rate <30% — Step 12′ acceptance MISSED)
v3-direct alloc: values=0 closures=6 thunks=0 lists=1 attrsets=0 pairs=0 thunksForced=0 bridge=0 insns=12
v3-direct bytes (in arena/nursery): values=0.0MB closures=0.0MB thunks=0.0MB envs=0.0MB lists=0.0MB bindings=0.0MB pairs=0.0MB chars=0.0MB total_alloc=0.0MB arena_pinned=16.8MB
v3-direct bindings size hist: 0=0 1=0 2=2 3-4=0 5-8=0 9-16=0 17-32=0 33-64=0 65-128=1 129+=0
v3-direct memory: peak_rss=31.2MB boehm_heap=402.9MB boehm_free=402.8MB boehm_unmapped=0.0MB v3_arena=16.8MB elsewhere=0.0MB
v3-direct boehm: gc_count=1 gc_total_ms=0 (time spent in full collections during process lifetime)
v3 bridge-primop calls (TW->v3): __v3_call_bridge_1=0 __v3_force_attr=0 __v3_force_list_elem=0
v3-direct elsewhere-probe (entries / est_MB):
  stringContextSide              0  ~   0.0 MB  (buckets=0, strings=0, body=0 B)
  posSnapshotPool               27  ~   0.0 MB  (capacity=32)
  bindingsOriginTable            0  ~   0.0 MB  (buckets=0)
  cellOwnerTable                 0  ~   0.0 MB  (buckets=0)
  globalSymbolTable            141  ~   0.0 MB  (capacity=256, stringBytes=1188)
  dirtyContainers                0  ~   0.0 MB  (capacity=0)
  standaloneCellRoots            0  ~   0.0 MB  (capacity=0)
  nursery (Y+S buffs)       <mmap>  ~   0.0 MB
  singletonClosureReg            6  ~   0.0 MB  (capacity=8)
  arena.cellStarts        <phase3>  ~   0.1 MB  (per-block 128 KB)
  arena.freeList                 0  ~   0.0 MB  (live entries)
  ----- elsewhere-probe sum: ~0.1 MB -----
v3-direct immix-alloc: allocs=17 spanHits=0 spanAdvances=0 bumpFresh=17
  served-from-spans: 0 (0.00% of allocs)
  bytes-from-spans:  0.00 MB (0.00% of 0.00 MB total)
  ----- immix-alloc verdict: FAIL (hit rate <30% — Step 12′ acceptance MISSED)
v3-direct alloc: values=0 closures=7 thunks=0 lists=1 attrsets=0 pairs=0 thunksForced=0 bridge=0 insns=14
v3-direct bytes (in arena/nursery): values=0.0MB closures=0.0MB thunks=0.0MB envs=0.0MB lists=0.0MB bindings=0.0MB pairs=0.0MB chars=0.0MB total_alloc=0.0MB arena_pinned=16.8MB
v3-direct bindings size hist: 0=0 1=0 2=2 3-4=0 5-8=0 9-16=0 17-32=0 33-64=0 65-128=1 129+=0
v3-direct memory: peak_rss=31.3MB boehm_heap=402.9MB boehm_free=402.8MB boehm_unmapped=0.0MB v3_arena=16.8MB elsewhere=0.0MB
v3-direct boehm: gc_count=1 gc_total_ms=0 (time spent in full collections during process lifetime)
v3 bridge-primop calls (TW->v3): __v3_call_bridge_1=0 __v3_force_attr=0 __v3_force_list_elem=0
v3-direct elsewhere-probe (entries / est_MB):
  stringContextSide              0  ~   0.0 MB  (buckets=0, strings=0, body=0 B)
  posSnapshotPool               31  ~   0.0 MB  (capacity=32)
  bindingsOriginTable            0  ~   0.0 MB  (buckets=0)
  cellOwnerTable                 0  ~   0.0 MB  (buckets=0)
  globalSymbolTable            143  ~   0.0 MB  (capacity=256, stringBytes=1195)
  dirtyContainers                0  ~   0.0 MB  (capacity=0)
  standaloneCellRoots            0  ~   0.0 MB  (capacity=0)
  nursery (Y+S buffs)       <mmap>  ~   0.0 MB
  singletonClosureReg            7  ~   0.0 MB  (capacity=8)
  arena.cellStarts        <phase3>  ~   0.1 MB  (per-block 128 KB)
  arena.freeList                 0  ~   0.0 MB  (live entries)
  ----- elsewhere-probe sum: ~0.1 MB -----
v3-direct immix-alloc: allocs=18 spanHits=0 spanAdvances=0 bumpFresh=18
  served-from-spans: 0 (0.00% of allocs)
  bytes-from-spans:  0.00 MB (0.00% of 0.00 MB total)
  ----- immix-alloc verdict: FAIL (hit rate <30% — Step 12′ acceptance MISSED)
v3-direct alloc: values=0 closures=8 thunks=0 lists=1 attrsets=0 pairs=0 thunksForced=0 bridge=0 insns=16
v3-direct bytes (in arena/nursery): values=0.0MB closures=0.0MB thunks=0.0MB envs=0.0MB lists=0.0MB bindings=0.0MB pairs=0.0MB chars=0.0MB total_alloc=0.0MB arena_pinned=16.8MB
v3-direct bindings size hist: 0=0 1=0 2=2 3-4=0 5-8=0 9-16=0 17-32=0 33-64=0 65-128=1 129+=0
v3-direct memory: peak_rss=31.3MB boehm_heap=402.9MB boehm_free=402.8MB boehm_unmapped=0.0MB v3_arena=16.8MB elsewhere=0.0MB
v3-direct boehm: gc_count=1 gc_total_ms=0 (time spent in full collections during process lifetime)
v3 bridge-primop calls (TW->v3): __v3_call_bridge_1=0 __v3_force_attr=0 __v3_force_list_elem=0
v3-direct elsewhere-probe (entries / est_MB):
  stringContextSide              0  ~   0.0 MB  (buckets=0, strings=0, body=0 B)
  posSnapshotPool               42  ~   0.0 MB  (capacity=64)
  bindingsOriginTable            0  ~   0.0 MB  (buckets=0)
  cellOwnerTable                 0  ~   0.0 MB  (buckets=0)
  globalSymbolTable            145  ~   0.0 MB  (capacity=256, stringBytes=1205)
  dirtyContainers                0  ~   0.0 MB  (capacity=0)
  standaloneCellRoots            0  ~   0.0 MB  (capacity=0)
  nursery (Y+S buffs)       <mmap>  ~   0.0 MB
  singletonClosureReg            8  ~   0.0 MB  (capacity=8)
  arena.cellStarts        <phase3>  ~   0.1 MB  (per-block 128 KB)
  arena.freeList                 0  ~   0.0 MB  (live entries)
  ----- elsewhere-probe sum: ~0.1 MB -----
v3-direct immix-alloc: allocs=19 spanHits=0 spanAdvances=0 bumpFresh=19
  served-from-spans: 0 (0.00% of allocs)
  bytes-from-spans:  0.00 MB (0.00% of 0.00 MB total)
  ----- immix-alloc verdict: FAIL (hit rate <30% — Step 12′ acceptance MISSED)
v3-direct alloc: values=0 closures=9 thunks=0 lists=1 attrsets=0 pairs=0 thunksForced=0 bridge=0 insns=18
v3-direct bytes (in arena/nursery): values=0.0MB closures=0.0MB thunks=0.0MB envs=0.0MB lists=0.0MB bindings=0.0MB pairs=0.0MB chars=0.0MB total_alloc=0.0MB arena_pinned=16.8MB
v3-direct bindings size hist: 0=0 1=0 2=2 3-4=0 5-8=0 9-16=0 17-32=0 33-64=0 65-128=1 129+=0
v3-direct memory: peak_rss=31.3MB boehm_heap=402.9MB boehm_free=402.8MB boehm_unmapped=0.0MB v3_arena=16.8MB elsewhere=0.0MB
v3-direct boehm: gc_count=1 gc_total_ms=0 (time spent in full collections during process lifetime)
v3 bridge-primop calls (TW->v3): __v3_call_bridge_1=0 __v3_force_attr=0 __v3_force_list_elem=0
v3-direct elsewhere-probe (entries / est_MB):
  stringContextSide              0  ~   0.0 MB  (buckets=0, strings=0, body=0 B)
  posSnapshotPool               42  ~   0.0 MB  (capacity=64)
  bindingsOriginTable            0  ~   0.0 MB  (buckets=0)
  cellOwnerTable                 0  ~   0.0 MB  (buckets=0)
  globalSymbolTable            145  ~   0.0 MB  (capacity=256, stringBytes=1205)
  dirtyContainers                0  ~   0.0 MB  (capacity=0)
  standaloneCellRoots            0  ~   0.0 MB  (capacity=0)
  nursery (Y+S buffs)       <mmap>  ~   0.0 MB
  singletonClosureReg            9  ~   0.0 MB  (capacity=16)
  arena.cellStarts        <phase3>  ~   0.1 MB  (per-block 128 KB)
  arena.freeList                 0  ~   0.0 MB  (live entries)
  ----- elsewhere-probe sum: ~0.1 MB -----
v3-direct immix-alloc: allocs=20 spanHits=0 spanAdvances=0 bumpFresh=20
  served-from-spans: 0 (0.00% of allocs)
  bytes-from-spans:  0.00 MB (0.00% of 0.00 MB total)
  ----- immix-alloc verdict: FAIL (hit rate <30% — Step 12′ acceptance MISSED)
v3-direct alloc: values=0 closures=10 thunks=0 lists=1 attrsets=0 pairs=0 thunksForced=0 bridge=0 insns=20
v3-direct bytes (in arena/nursery): values=0.0MB closures=0.0MB thunks=0.0MB envs=0.0MB lists=0.0MB bindings=0.0MB pairs=0.0MB chars=0.0MB total_alloc=0.0MB arena_pinned=16.8MB
v3-direct bindings size hist: 0=0 1=0 2=2 3-4=0 5-8=0 9-16=0 17-32=0 33-64=0 65-128=1 129+=0
v3-direct memory: peak_rss=31.7MB boehm_heap=402.9MB boehm_free=402.8MB boehm_unmapped=0.0MB v3_arena=16.8MB elsewhere=0.0MB
v3-direct boehm: gc_count=1 gc_total_ms=0 (time spent in full collections during process lifetime)
v3 bridge-primop calls (TW->v3): __v3_call_bridge_1=0 __v3_force_attr=0 __v3_force_list_elem=0
v3-direct elsewhere-probe (entries / est_MB):
  stringContextSide              0  ~   0.0 MB  (buckets=0, strings=0, body=0 B)
  posSnapshotPool               99  ~   0.0 MB  (capacity=128)
  bindingsOriginTable            0  ~   0.0 MB  (buckets=0)
  cellOwnerTable                 0  ~   0.0 MB  (buckets=0)
  globalSymbolTable            187  ~   0.0 MB  (capacity=256, stringBytes=1620)
  dirtyContainers                0  ~   0.0 MB  (capacity=0)
  standaloneCellRoots            0  ~   0.0 MB  (capacity=0)
  nursery (Y+S buffs)       <mmap>  ~   0.0 MB
  singletonClosureReg           10  ~   0.0 MB  (capacity=16)
  arena.cellStarts        <phase3>  ~   0.1 MB  (per-block 128 KB)
  arena.freeList                 0  ~   0.0 MB  (live entries)
  ----- elsewhere-probe sum: ~0.2 MB -----
v3-direct immix-alloc: allocs=21 spanHits=0 spanAdvances=0 bumpFresh=21
  served-from-spans: 0 (0.00% of allocs)
  bytes-from-spans:  0.00 MB (0.00% of 0.00 MB total)
  ----- immix-alloc verdict: FAIL (hit rate <30% — Step 12′ acceptance MISSED)
v3-direct alloc: values=0 closures=11 thunks=0 lists=1 attrsets=0 pairs=0 thunksForced=0 bridge=0 insns=22
v3-direct bytes (in arena/nursery): values=0.0MB closures=0.0MB thunks=0.0MB envs=0.0MB lists=0.0MB bindings=0.0MB pairs=0.0MB chars=0.0MB total_alloc=0.0MB arena_pinned=16.8MB
v3-direct bindings size hist: 0=0 1=0 2=2 3-4=0 5-8=0 9-16=0 17-32=0 33-64=0 65-128=1 129+=0
v3-direct memory: peak_rss=31.7MB boehm_heap=402.9MB boehm_free=402.8MB boehm_unmapped=0.0MB v3_arena=16.8MB elsewhere=0.0MB
v3-direct boehm: gc_count=1 gc_total_ms=0 (time spent in full collections during process lifetime)
v3 bridge-primop calls (TW->v3): __v3_call_bridge_1=0 __v3_force_attr=0 __v3_force_list_elem=0
v3-direct elsewhere-probe (entries / est_MB):
  stringContextSide              0  ~   0.0 MB  (buckets=0, strings=0, body=0 B)
  posSnapshotPool              121  ~   0.0 MB  (capacity=128)
  bindingsOriginTable            0  ~   0.0 MB  (buckets=0)
  cellOwnerTable                 0  ~   0.0 MB  (buckets=0)
  globalSymbolTable            198  ~   0.0 MB  (capacity=256, stringBytes=1706)
  dirtyContainers                0  ~   0.0 MB  (capacity=0)
  standaloneCellRoots            0  ~   0.0 MB  (capacity=0)
  nursery (Y+S buffs)       <mmap>  ~   0.0 MB
  singletonClosureReg           11  ~   0.0 MB  (capacity=16)
  arena.cellStarts        <phase3>  ~   0.1 MB  (per-block 128 KB)
  arena.freeList                 0  ~   0.0 MB  (live entries)
  ----- elsewhere-probe sum: ~0.2 MB -----
v3-direct immix-alloc: allocs=22 spanHits=0 spanAdvances=0 bumpFresh=22
  served-from-spans: 0 (0.00% of allocs)
  bytes-from-spans:  0.00 MB (0.00% of 0.00 MB total)
  ----- immix-alloc verdict: FAIL (hit rate <30% — Step 12′ acceptance MISSED)
warning: input 'crane' has an override for a non-existent input 'nixpkgs'
warning: input 'rust-overlay' has an override for a non-existent input 'flake-utils'
v3 major-mark-sweep: closures=11574 thunks=496438 bindings=21658 lists=383996 pairs=1866132 cells=474337 chars=955626 cons=146992 consW=2940364 markedCells=4294165 blocks=45 hugeMarked=62588 markMs=628.32 sweepMs=58.30
v3 sweep: blocksScanned=45 liveCells=3785446 deadCells=1020419 liveBytes=483.4MB deadBytes=271.5MB reclaim%=36.0% freelist_entries=1020419 blocksFreed=0 bytesFreed=0.0MB
v3 line-marks: blocks=46 totalLines=6029312 deadLines=2096456 deadPct=34.77% (Immix acceptance ≥30%)
v3 free-spans: blocks=46 spans=21630 spanBytes=205.4MB
v3 recycle-policy: recyclable=32 skipped=14 recyclableDeadMB=205.4 skippedDeadMB=62.9
warning: Nix search path entry '/nix/var/nix/profiles/per-user/root/channels' does not exist, ignoring
v3-direct alloc: values=0 closures=1768463 thunks=3826639 lists=524843 attrsets=1113974 pairs=2597189 thunksForced=1595947 bridge=8 insns=83519094
v3-direct bytes (in arena/nursery): values=8.2MB closures=271.7MB thunks=319.7MB envs=0.0MB lists=53.5MB bindings=713.2MB pairs=124.7MB chars=37.3MB total_alloc=1528.3MB arena_pinned=1476.4MB
v3-direct bindings size hist: 0=27999 1=331951 2=336044 3-4=153159 5-8=115322 9-16=58995 17-32=25040 33-64=33161 65-128=4055 129+=1894
v3-direct mergeBindings by site (total 153579 calls, 556.4 MB):
  [0] OP_ATTRS_UPDATE             (//)  calls=49058      bytes=   9.7 MB (  1.7 % of total)
  [1] OP_ATTRS_UPDATE_TAIL        (//)  calls=104521     bytes= 546.7 MB ( 98.3 % of total)
  (UPDATE_TAIL na histogram, total=104521):
    na 0        = 4626
    na 1        = 3566
    na 2-4      = 31116
    na 5-8      = 20116
    na 9-16     = 10462
    na 17-32    = 8337
    na 33-64    = 23249
    na 65-128   = 1785
    na 129-256  = 225
    na 257+     = 1039
  (UPDATE_TAIL nb histogram, total=104521):
    nb 0        = 12949
    nb 1        = 36675
    nb 2-4      = 22691
    nb 5-8      = 17568
    nb 9-16     = 6972
    nb 17-32    = 6158
    nb 33-64    = 831
    nb 65-128   = 214
    nb 129-256  = 130
    nb 257+     = 333
v3-direct memory: peak_rss=2973.3MB boehm_heap=402.9MB boehm_free=402.7MB boehm_unmapped=0.0MB v3_arena=1476.4MB elsewhere=1094.0MB
v3-direct boehm: gc_count=1 gc_total_ms=0 (time spent in full collections during process lifetime)
v3 bridge-primop calls (TW->v3): __v3_call_bridge_1=8 __v3_force_attr=51 __v3_force_list_elem=0
v3 primop call counts (top 30 of 83):
    122334  elem
     78859  genList
     57313  __elemAt
     56045  __derivCoerce
     52728  length
     44066  match
     43533  isAttrs
     22054  __head
     21384  __genList
     20939  __addErrorContext
     20365  toString
     19500  removeAttrs
     19074  __attrNames
     15271  mapAttrs
     13239  unsafeGetAttrPos
     11018  __isString
      8077  concatStringsSep
      7961  __length
      7798  __elem
      6336  listToAttrs
      5839  hasAttr
      5315  __listToAttrs
      4965  __replaceStrings
      4726  intersectAttrs
      4603  import
      4402  toJSON
      4050  __isBool
      3792  __tryEval
      3599  functionArgs
      3123  stringLength
v3-direct ifd probes: total=4875 import=4603 readFile=20 readDir=67 pathExists=74 findFile=111
v3-direct ifd probes (with-ctx, potential IFD): total=38 import=17 readFile=12 readDir=5 pathExists=4
v3-direct v3ToTreeWalker calls (total=74): primReadDir_attrset=3 primImport_string_ctx=10 primReadDir_string_ctx=2 primV3CallBridge1=8 primV3ForceAttr_inner=51
v3-direct elsewhere-probe (entries / est_MB):
  stringContextSide          19419  ~   3.8 MB  (buckets=25717, strings=27625, body=1573030 B)
  posSnapshotPool           753468  ~  63.7 MB  (capacity=1048576)
  bindingsOriginTable            0  ~   0.0 MB  (buckets=0)
  cellOwnerTable                 0  ~   0.0 MB  (buckets=0)
  globalSymbolTable          71105  ~   7.1 MB  (capacity=131072, stringBytes=811992)
  dirtyContainers                0  ~   0.0 MB  (capacity=0)
  standaloneCellRoots            0  ~   0.0 MB  (capacity=0)
  nursery (Y+S buffs)       <mmap>  ~   0.0 MB
  singletonClosureReg         2728  ~   0.0 MB  (capacity=4096)
  arena.cellStarts        <phase3>  ~  11.5 MB  (per-block 128 KB)
  arena.freeList           1020419  ~  16.3 MB  (live entries)
  ----- elsewhere-probe sum: ~102.5 MB -----
v3-direct immix-alloc: allocs=14687822 spanHits=1230897 spanAdvances=4714 bumpFresh=13452211
  served-from-spans: 1235611 (8.41% of allocs)
  bytes-from-spans:  111.57 MB (7.39% of 1510.02 MB total)
  ----- immix-alloc verdict: FAIL (hit rate <30% — Step 12′ acceptance MISSED)
